[maclift.com.vn/index.html]
[maclift.com.vn/images/config/img-hero_1589856949.jpg]
[backblue.gif]
[fade.gif]
[index.html]
[maclift.com.vn/delecweb.com]
[maclift.com.vn/manifest.json]
[maclift.com.vn/images/slideshow/2020/05/19/compress/img-hero_1589855251.jpg]
[maclift.com.vn/favicon.ico]
[maclift.com.vn/templates/maclift/images/bg_top1.jpg]
[maclift.com.vn/templates/maclift/images/bg1.png]
[maclift.com.vn/templates/maclift/images/bgkm.jpg]
[maclift.com.vn/templates/maclift/images/icon-zalo.png]
[maclift.com.vn/templates/maclift/images/edit.png]
[maclift.com.vn/templates/maclift/images/setting.png]
[maclift.com.vn/templates/maclift/images/edit_content.png]
[maclift.com.vn/owl.video.play.png]
[maclift.com.vn/blocks/slideshow/assets/images/prev.png]
[maclift.com.vn/blocks/slideshow/assets/images/next.png]
[maclift.com.vn/images/loading.gif]
[maclift.com.vn/images/prev.png]
[maclift.com.vn/images/next.png]
[maclift.com.vn/images/close.png]
[maclift.com.vn/libraries/jquery/lightbox2/dist/images/loading.gif]
[maclift.com.vn/libraries/jquery/lightbox2/dist/images/prev.png]
[maclift.com.vn/libraries/jquery/lightbox2/dist/images/next.png]
[maclift.com.vn/libraries/jquery/lightbox2/dist/images/close.png]
[maclift.com.vn/blocks/certifications/assets/images/tick.svg]
[maclift.com.vn/blocks/partners/assets/images/user2.png]
[maclift.com.vn/blocks/mainmenu/assets/images/icon-click.png]
[maclift.com.vn/blocks/mainmenu/assets/images/icon-click-active.png]
[maclift.com.vn/blocks/mainmenu/assets/images/bo-cong-thuong.png]
[maclift.com.vn/rss.xml]
[maclift.com.vn/images/config/logo_1582309169.png]
[maclift.com.vn/tim-kiem/keyword.html]
[maclift.com.vn/thang-may-maclift/thang-may-tai-khach-p72.html]
[maclift.com.vn/thang-may-maclift/thang-may-thuc-pham-p71.html]
[maclift.com.vn/ct-gioi-thieu-cong-ty.html]
[maclift.com.vn/san-pham.html]
[maclift.com.vn/du-an.html]
[maclift.com.vn/tin-tuc.html]
[maclift.com.vn/lien-he.html]
[maclift.com.vn/images/config/bgr_intro.png]
[maclift.com.vn/gioi-thieu-chung-sb102.html]
[maclift.com.vn/images/introduce/resized/intro_1583593875.png.webp]
[maclift.com.vn/images/config/bgr_str.png]
[maclift.com.vn/images/strengths/compress/anh5_1587100669.png.webp]
[maclift.com.vn/images/strengths/compress/bt4_1585888271.png.webp]
[maclift.com.vn/images/strengths/compress/anh-chuan_1587961000.png.webp]
[maclift.com.vn/images/strengths/compress/bt2_1585887726.png.webp]
[maclift.com.vn/images/strengths/compress/bt5_1585888040.png.webp]
[maclift.com.vn/thang-may-maclift/thang-may-benh-vien-p70.html]
[maclift.com.vn/thang-may-maclift/thang-may-tai-hang-p69.html]
[maclift.com.vn/images/config/bgr_str2.png]
[maclift.com.vn/images/download_file/catalogue-libra-english-2019_1556014651_1588136090.pdf]
[maclift.com.vn/images/certification/large/cn1_1554047713_1578844280.jpg]
[maclift.com.vn/images/certification/large/cn2_1554047749_1578844275.jpg]
[maclift.com.vn/images/certification/large/cn3_1554047770_1578844268.png]
[maclift.com.vn/images/config/bgr_str3.png]
[maclift.com.vn/images/strengths/compress/3_1583068676.jpg.webp]
[maclift.com.vn/images/strengths/compress/2_1583068729.png.webp]
[maclift.com.vn/images/strengths/compress/1_1583068784.jpg.webp]
[maclift.com.vn/danh-gia.html]
[maclift.com.vn/tin-moi/luu-y-su-dung-thang-may-gia-dinh-khi-nha-co-tre-nho-n20.html]
[maclift.com.vn/tin-moi/kich-thuoc-cua-thang-may-bao-nhieu-thi-phu-hop-n19.html]
[maclift.com.vn/tin-moi/tim-hieu-ve-thang-may-mitsubishi-450kg-n18.html]
[maclift.com.vn/ct-chinh-sach-quy-dinh-chung.html]
[maclift.com.vn/ct-chinh-sach-bao-hanh.html]
[maclift.com.vn/hhh]
[maclift.com.vn/index.html]
[maclift.com.vn/delecweb.html]
[maclift.com.vn/owl.video.play.html]
[maclift.com.vn/images/loading.html]
[maclift.com.vn/images/prev.html]
[maclift.com.vn/images/next.html]
[maclift.com.vn/images/close.html]
[maclift.com.vn/blocks/certifications/assets/images/tick.svg]
[maclift.com.vn/cache/js/3f38705044b0bb7292994a5965cc1595d709.js]
[maclift.com.vn/tim-kiem/delecweb.com]
[maclift.com.vn/images/config/bg_br.jpg]
[maclift.com.vn/tim-kiem/hhh]
[maclift.com.vn/tim-kiem/keyword.html]
[maclift.com.vn/cache/js/ad00c810f66b3103f48db377c6bad5f74d54.js]
[maclift.com.vn/thang-may-maclift/thang-may-gia-dinh-p67.html]
[maclift.com.vn/thang-may-maclift/delecweb.com]
[maclift.com.vn/images/products/2020/03/19/large/vai-tro-thang-may_1584591438.jpg]
[maclift.com.vn/thang-may-maclift/owl.video.play.png]
[maclift.com.vn/thang-may-maclift/fonts/magictoolbox-thin.eot]
[maclift.com.vn/thang-may-maclift/fonts/magictoolbox-thind41d.eot]
[maclift.com.vn/thang-may-maclift/fonts/magictoolbox-thin.woff]
[maclift.com.vn/thang-may-maclift/fonts/magictoolbox-thin.ttf]
[maclift.com.vn/thang-may-maclift/fonts/magictoolbox-thin.svg]
[maclift.com.vn/images/products/2020/03/19/original/vai-tro-thang-may_1584591438.jpg]
[maclift.com.vn/thang-may-maclift-pc21.html]
[maclift.com.vn/images/products/2020/03/19/small/vai-tro-thang-may_1584591438.jpg]
[maclift.com.vn/thang-may-maclift/hhh]
[maclift.com.vn/cache/js/d9eb4c399859acb8c9a1794def3c17431e2c.js]
[apis.google.com/js/platform.js]
[maclift.com.vn/thang-may-maclift/thang-may-tai-khach-p72.html]
[maclift.com.vn/images/products/2020/03/19/large/thang-may-tai-thuc-pham_1584591509.jpg]
[maclift.com.vn/images/products/2020/03/19/original/thang-may-tai-thuc-pham_1584591509.jpg]
[maclift.com.vn/images/products/2020/03/19/small/thang-may-tai-thuc-pham_1584591509.jpg]
[maclift.com.vn/thang-may-maclift/thang-may-thuc-pham-p71.html]
[maclift.com.vn/ct-gioi-thieu-cong-ty.html]
[maclift.com.vn/cache/js/b4a8ad5424bd959d5bb6888190ab6ab8476e.js]
[maclift.com.vn/images/products/2020/03/19/resized/vai-tro-thang-may_1584591438.jpg]
[maclift.com.vn/images/products/2020/03/19/resized/thang-may-tai-thuc-pham_1584591509.jpg]
[maclift.com.vn/images/products/2020/03/19/resized/thang_may_o_benh_vien_1584591447.jpg]
[maclift.com.vn/images/products/2020/03/19/resized/1536207076_thang-may-tai-hang-05_1584591457.jpg]
[maclift.com.vn/images/products/2020/03/19/resized/thang-cho-o-to_4_1584591283.jpg]
[maclift.com.vn/images/products/2020/03/19/resized/thang-may-mini-gia-dinh_1584591468.jpg]
[maclift.com.vn/san-pham.html]
[maclift.com.vn/images/projects/2020/10/03/resized/84b4df47-a02a-4d2c-b780-998ba3467be3_1601715775.jpg]
[maclift.com.vn/gia-dinh/anh-hung-ha-noi-dpj195.html]
[maclift.com.vn/gia-dinh/chi-huong-hanoi-dpj194.html]
[maclift.com.vn/images/projects/2020/10/03/resized/b33b13c7-ff6e-488c-b1c4-f26250d18297_1601696669.jpg]
[maclift.com.vn/chung-cu/chung-cu-h3-linh-dam--hn-dpj189.html]
[maclift.com.vn/images/projects/2020/10/03/resized/6a980ea2-4998-475c-a6de-c30edfc318af_1601716018.jpg]
[maclift.com.vn/gia-dinh/anh-huy---nam-tu-liem---hn-dpj188.html]
[maclift.com.vn/images/projects/2020/10/03/resized/75bc46fc-0ed0-4642-be9b-b53052714561_1601716046.jpg]
[maclift.com.vn/gia-dinh/thai-ha-ha-noi-dpj198.html]
[maclift.com.vn/images/projects/2020/12/23/resized/8149bf3d-f5f9-4efc-bb89-44d51ec34daf_1608738132.jpg]
[maclift.com.vn/gia-dinh/biet-thu-lien-ke---thinh-liet-–-hoang-mai--ha-noi-dpj196.html]
[maclift.com.vn/images/projects/2020/10/03/resized/14d32450-e818-40d2-8399-bc7a2767458a_1601715985.jpg]
[maclift.com.vn/gia-dinh/chi-nga-hanoi-dpj193.html]
[maclift.com.vn/images/projects/2020/10/03/resized/d9ebb612-5a7b-4d99-b90e-02da76b49bf4_1601714778.jpg]
[maclift.com.vn/khach-san/hotel-dahlia-hanoi-dpj192.html]
[maclift.com.vn/images/projects/2020/10/03/resized/ef371add-70a9-42d5-b973-1ec14f0f4a7e_1601715472.jpg]
[maclift.com.vn/gia-dinh/chu-than-nghean-dpj191.html]
[maclift.com.vn/images/projects/2020/10/03/resized/f377a509-9e77-478b-bbcd-35ef339640a1_1601715197.jpg]
[maclift.com.vn/gia-dinh/anh-thang---thanh-hoa-dpj190.html]
[maclift.com.vn/images/projects/2020/07/31/resized/d04c7da673618f3fd670_1596160943.jpg]
[maclift.com.vn/khach-san-pj21html.html]
[maclift.com.vn/bẹnh-viẹn-pj20html.html]
[maclift.com.vn/chung-cu-pj19html.html]
[maclift.com.vn/gia-dinh-pj18html.html]
[maclift.com.vn/du-an.html]
[maclift.com.vn/cache/js/f90ba8b72e1a0d90a48027526b338043947b.js]
[maclift.com.vn/tin-tuc.html]
[maclift.com.vn/cache/js/b4a8ad5424bd959d5bb6888190ab6ab8947b.js]
[maclift.com.vn/lien-he.html]
[maclift.com.vn/gioi-thieu-chung-sb102.html]
[maclift.com.vn/cache/js/72d806c9a82796f19403c04d556981d9947b.js]
[maclift.com.vn/images/products/2020/03/19/large/thang_may_o_benh_vien_1584591447.jpg]
[maclift.com.vn/images/products/2020/03/19/original/thang_may_o_benh_vien_1584591447.jpg]
[maclift.com.vn/images/products/2020/03/19/small/thang_may_o_benh_vien_1584591447.jpg]
[maclift.com.vn/thang-may-maclift/thang-may-benh-vien-p70.html]
[maclift.com.vn/cache/js/d9eb4c399859acb8c9a1794def3c17438c6d.js]
[maclift.com.vn/images/products/2020/03/19/large/1536207076_thang-may-tai-hang-05_1584591457.jpg]
[maclift.com.vn/images/products/2020/03/19/original/1536207076_thang-may-tai-hang-05_1584591457.jpg]
[maclift.com.vn/images/products/2020/03/19/small/1536207076_thang-may-tai-hang-05_1584591457.jpg]
[maclift.com.vn/thang-may-maclift/thang-may-tai-hang-p69.html]
[maclift.com.vn/cache/js/d9eb4c399859acb8c9a1794def3c1743a167.js]
[maclift.com.vn/thang-may-maclift/thang-may-o-to-p68.html]
[maclift.com.vn/danh-gia.html]
[maclift.com.vn/cache/js/98dfc346ad06f0bc154dcd30f8c717c66473.js]
[maclift.com.vn/tin-moi/delecweb.com]
[maclift.com.vn/images/news/2020/03/09/large/su-dung-thang-may_1583730356.jpg]
[maclift.com.vn/tin-moi/luu-y-su-dung-thang-may-gia-dinh-khi-nha-co-tre-nho-n20-2.html]
[maclift.com.vn/danh-muc-tin/tin-moi.html]
[maclift.com.vn/tin-moi/hhh]
[maclift.com.vn/tin-moi/luu-y-su-dung-thang-may-gia-dinh-khi-nha-co-tre-nho-n20.html]
[maclift.com.vn/cache/js/8294b4a444708d7973b96b59c1b9b92e6473.js]
[maclift.com.vn/images/news/2020/03/09/large/4_1583729794.jpg]
[maclift.com.vn/tin-moi/kich-thuoc-cua-thang-may-bao-nhieu-thi-phu-hop-n19-2.html]
[thangmaytaiyo.vn/wp-content/uploads/2019/12/4-533x400.8d.delayed]
[thangmaytaiyo.vn/wp-content/uploads/2019/12/7-667x400.8e.delayed]
[thangmaytaiyo.vn/wp-content/uploads/2019/12/2-646x400.jpg]
[maclift.com.vn/tin-moi/kich-thuoc-cua-thang-may-bao-nhieu-thi-phu-hop-n19.html]
[thangmaytaiyo.vn/wp-content/uploads/2020/02/13-651x400.jpg]
[thangmaytaiyo.vn/wp-content/uploads/2020/02/15-533x400.jpg]
[maclift.com.vn/tin-moi/tim-hieu-ve-thang-may-mitsubishi-450kg-n18.html]
[maclift.com.vn/cache/js/8294b4a444708d7973b96b59c1b9b92eaeb3.js]
[maclift.com.vn/ct-chinh-sach-quy-dinh-chung.html]
[maclift.com.vn/ct-chinh-sach-bao-hanh.html]
[maclift.com.vn/hhh.html]
[maclift.com.vn/cache/js/b4a8ad5424bd959d5bb6888190ab6ab8aeb3.js]
[connect.facebook.net/vi_VN/sdk.js]
[maclift.com.vn/cache/js/3f38705044b0bb7292994a5965cc1595d709.js]
[maclift.com.vn/tim-kiem/delecweb.html]
[maclift.com.vn/tim-kiem/hhh.html]
[maclift.com.vn/cache/js/ad00c810f66b3103f48db377c6bad5f74d54.js]
[maclift.com.vn/images/products/2020/03/19/large/thang-may-mini-gia-dinh_1584591468.jpg]
[maclift.com.vn/images/products/2020/03/19/original/thang-may-mini-gia-dinh_1584591468.jpg]
[maclift.com.vn/images/products/2020/03/19/small/thang-may-mini-gia-dinh_1584591468.jpg]
[maclift.com.vn/thang-may-maclift/thang-may-gia-dinh-p67.html]
[maclift.com.vn/thang-may-maclift/delecweb.html]
[maclift.com.vn/thang-may-maclift/owl.video.play.html]
[maclift.com.vn/thang-may-maclift/fonts/magictoolbox-thin.html]
[maclift.com.vn/thang-may-maclift/fonts/magictoolbox-thind41d.html]
[maclift.com.vn/thang-may-maclift/fonts/magictoolbox-thin-2.html]
[maclift.com.vn/thang-may-maclift/fonts/magictoolbox-thin-3.html]
[maclift.com.vn/thang-may-maclift/fonts/magictoolbox-thin-4.html]
[maclift.com.vn/cache/js/d9eb4c399859acb8c9a1794def3c17435982.js]
[maclift.com.vn/thang-may-maclift-pc21.9c.delayed]
[maclift.com.vn/thang-may-maclift-pc21/loc-hang-san-xuat-milor.html]
[maclift.com.vn/thang-may-maclift-pc21/loc-hang-san-xuat-navado.html]
[maclift.com.vn/cache/js/97e6b6d6beb18e874cfb3eee80bba6d0fb1f.js]
[maclift.com.vn/thang-may-maclift-pc21.html]
[maclift.com.vn/thang-may-maclift/hhh.html]
[maclift.com.vn/index4aea.html]
[maclift.com.vn/small/index.html]
[maclift.com.vn/indexf8bd.html]
[maclift.com.vn/cache/js/d9eb4c399859acb8c9a1794def3c17431e2c.js]
[maclift.com.vn/cache/js/b4a8ad5424bd959d5bb6888190ab6ab8476e.js]
[maclift.com.vn/large/index.html]
[maclift.com.vn/gia-dinh/delecweb.com]
[maclift.com.vn/modules/projects/assets/images/78.png]
[maclift.com.vn/gia-dinh/owl.video.play.png]
[maclift.com.vn/images/projects/2020/10/03/large/84b4df47-a02a-4d2c-b780-998ba3467be3_1601715775.jpeg.webp]
[maclift.com.vn/images/projects/2020/10/05/large/af3e30a7-b06f-4a52-8110-523829a5bf47_1601833314.jpeg.jpeg.webp]
[maclift.com.vn/images/projects/2020/10/05/large/dad4c299-6280-4f57-8c09-f9707e868384_1601833315.jpeg.jpeg.webp]
[maclift.com.vn/images/projects/2020/12/23/resized/8149bf3d-f5f9-4efc-bb89-44d51ec34daf_1608738132.jpeg.webp]
[maclift.com.vn/images/projects/2020/10/03/resized/14d32450-e818-40d2-8399-bc7a2767458a_1601715985.jpeg.webp]
[maclift.com.vn/images/projects/2020/12/23/resized/8149bf3d-f5f9-4efc-bb89-44d51ec34daf_1608738132.jpeg/index.html]
[maclift.com.vn/images/projects/2020/10/03/resized/b33b13c7-ff6e-488c-b1c4-f26250d18297_1601696669.jpeg.webp]
[maclift.com.vn/images/projects/2020/10/03/resized/d9ebb612-5a7b-4d99-b90e-02da76b49bf4_1601714778.jpeg.webp]
[maclift.com.vn/gia-dinh/hhh]
[maclift.com.vn/gia-dinh/anh-hung-ha-noi-dpj195.html]
[maclift.com.vn/cache/js/eb8792b33ead881d3b041107bcd3982f7da8.js]
[maclift.com.vn/images/projects/2020/10/03/resized/14d32450-e818-40d2-8399-bc7a2767458a_1601715985.jpeg/index.html]
[maclift.com.vn/images/projects/2020/10/03/resized/d9ebb612-5a7b-4d99-b90e-02da76b49bf4_1601714778.jpeg/index.html]
[maclift.com.vn/images/projects/2020/10/03/large/b33b13c7-ff6e-488c-b1c4-f26250d18297_1601696669.jpeg.webp]
[maclift.com.vn/images/projects/2020/10/03/large/6ed424b0-3af1-42c2-abd9-b284886997af_1601696308.jpeg.jpeg.webp]
[maclift.com.vn/images/projects/2020/10/03/resized/b33b13c7-ff6e-488c-b1c4-f26250d18297_1601696669.jpeg/index.html]
[maclift.com.vn/images/projects/2020/10/03/large/b216b1a3-9b41-4cb1-b1fe-b17016b13096_1601696307.jpeg.jpeg.webp]
[maclift.com.vn/images/projects/2020/10/03/resized/84b4df47-a02a-4d2c-b780-998ba3467be3_1601715775.jpeg.webp]
[maclift.com.vn/gia-dinh/chi-huong-hanoi-dpj194.html]
[maclift.com.vn/images/projects/2020/10/03/resized/84b4df47-a02a-4d2c-b780-998ba3467be3_1601715775.jpeg/index.html]
[maclift.com.vn/chung-cu/delecweb.com]
[maclift.com.vn/chung-cu/hhh]
[maclift.com.vn/chung-cu/chung-cu-h3-linh-dam--hn-dpj189.html]
[maclift.com.vn/cache/js/3ace65c48347605520ca1bb806ff635014ff.js]
[maclift.com.vn/gia-dinh/anh-huy---nam-tu-liem---hn-dpj188.html]
[maclift.com.vn/cache/js/3ace65c48347605520ca1bb806ff6350c613.js]
[maclift.com.vn/images/projects/2020/12/23/large/8149bf3d-f5f9-4efc-bb89-44d51ec34daf_1608738132.jpeg.webp]
[maclift.com.vn/images/projects/2020/12/23/large/e2970b2d-6b88-4c5e-ad79-b10450c0cc4f_1608738129.jpeg.jpeg.webp]
[maclift.com.vn/images/projects/2020/12/23/large/d20f6681-123c-499c-a5ac-1eb39f9b2685_1608738129.jpeg.jpeg.webp]
[maclift.com.vn/images/projects/2020/12/23/large/92fe8992-89d4-45c6-882e-b05d9957a822_1608738129.jpeg.jpeg.webp]
[maclift.com.vn/images/projects/2020/12/23/large/13ad6eb8-0423-4aa8-bef2-a31bff88dd30_1608738130.jpeg.jpeg.webp]
[maclift.com.vn/gia-dinh/thai-ha-ha-noi-dpj198.html]
[maclift.com.vn/cache/js/eb8792b33ead881d3b041107bcd3982f636b.js]
[maclift.com.vn/gia-dinh/biet-thu-lien-ke---thinh-liet-–-hoang-mai--ha-noi-dpj196.html]
[maclift.com.vn/cache/js/3ace65c48347605520ca1bb806ff63506f54.js]
[maclift.com.vn/images/projects/2020/10/03/large/d9ebb612-5a7b-4d99-b90e-02da76b49bf4_1601714778.jpeg.webp]
[maclift.com.vn/images/projects/2020/10/03/large/64a43cba-6099-41c7-b8ca-718d66a19929_1601714773.jpeg.jpeg.webp]
[maclift.com.vn/images/projects/2020/10/03/large/b477d29d-b112-416d-b234-0bc41d3ba0b8_1601714772.jpeg.jpeg.webp]
[maclift.com.vn/gia-dinh/chi-nga-hanoi-dpj193.html]
[maclift.com.vn/cache/js/eb8792b33ead881d3b041107bcd3982f6f54.js]
[maclift.com.vn/khach-san/delecweb.com]
[maclift.com.vn/khach-san/owl.video.play.png]
[maclift.com.vn/images/projects/2020/10/03/large/ef371add-70a9-42d5-b973-1ec14f0f4a7e_1601715472.jpeg.webp]
[maclift.com.vn/images/projects/2020/10/03/large/bad08b3d-6ffb-40be-8a95-33dc5cd2728d_1601715428.jpeg.jpeg.webp]
[maclift.com.vn/images/projects/2020/10/03/large/a359ec3d-0b35-4a50-9e6a-bace19639b91_1601715429.jpeg.jpeg.webp]
[maclift.com.vn/khach-san/hhh]
[maclift.com.vn/khach-san/hotel-dahlia-hanoi-dpj192.html]
[maclift.com.vn/cache/js/eb8792b33ead881d3b041107bcd3982f8dfb.js]
[maclift.com.vn/images/projects/2020/10/03/large/f377a509-9e77-478b-bbcd-35ef339640a1_1601715197.jpeg.webp]
[maclift.com.vn/images/projects/2020/10/03/large/65d90da3-2588-4164-b52a-2012b39325f3_1601715162.jpeg.jpeg.webp]
[maclift.com.vn/images/projects/2020/10/03/large/3f30f06a-dc03-4e76-a558-ab682c9a6db5_1601715164.jpeg.jpeg.webp]
[maclift.com.vn/gia-dinh/chu-than-nghean-dpj191.html]
[maclift.com.vn/images/projects/2020/07/31/large/d04c7da673618f3fd670_1596160943.jpg.webp]
[maclift.com.vn/images/projects/2020/07/31/large/e8c03cdc321bce45970a_1596161060.jpg.jpg.webp]
[maclift.com.vn/images/projects/2020/07/31/large/5f689f7791b06dee34a1_1596160958.jpg.jpg.webp]
[maclift.com.vn/images/projects/2020/07/31/large/c5505c425285aedbf794_1596160965.jpg.jpg.webp]
[maclift.com.vn/gia-dinh/anh-thang---thanh-hoa-dpj190.html]
[maclift.com.vn/cache/js/eb8792b33ead881d3b041107bcd3982feb93.js]
[maclift.com.vn/cache/js/f90ba8b72e1a0d90a48027526b338043eb93.js]
[maclift.com.vn/khach-san-pj21html.html]
[maclift.com.vn/bẹnh-viẹn-pj20html.html]
[maclift.com.vn/cache/js/f90ba8b72e1a0d90a48027526b338043f03e.js]
[maclift.com.vn/chung-cu-pj19html.html]
[maclift.com.vn/gia-dinh-pj18html.html]
[maclift.com.vn/cache/js/f90ba8b72e1a0d90a48027526b338043b090.js]
[maclift.com.vn/cache/js/f90ba8b72e1a0d90a48027526b338043947b.js]
[maclift.com.vn/cache/js/b4a8ad5424bd959d5bb6888190ab6ab8947b.js]
[maclift.com.vn/cache/js/72d806c9a82796f19403c04d556981d9947b.js]
[maclift.com.vn/cache/js/d9eb4c399859acb8c9a1794def3c17438c6d.js]
[maclift.com.vn/cache/js/d9eb4c399859acb8c9a1794def3c1743a167.js]
[maclift.com.vn/images/products/2020/03/19/large/thang-cho-o-to_4_1584591283.jpg]
[maclift.com.vn/images/products/2020/03/19/small/thang-cho-o-to_4_1584591283.jpg]
[maclift.com.vn/thang-may-maclift/thang-may-o-to-p68.html]
[maclift.com.vn/cache/js/98dfc346ad06f0bc154dcd30f8c717c66473.js]
[maclift.com.vn/tin-moi/delecweb.html]
[maclift.com.vn/cache/js/d9eb4c399859acb8c9a1794def3c1743204d.js]
[maclift.com.vn/templates/maclift/images/icon_v1.d8.delayed]
[cdn.ampproject.org/v0.js]
[cdn.ampproject.org/v0/amp-sidebar-0.1.js]
[cdn.ampproject.org/v0/amp-analytics-0.1.js]
[cdn.ampproject.org/v0/amp-iframe-0.1.js]
[maclift.com.vn/images/news/2020/03/09/original/4_1583729794.jpg]
[maclift.com.vn/images/news/2020/03/09/original/13_1583729701.jpg]
[maclift.com.vn/tin-moi/luu-y-su-dung-thang-may-gia-dinh-khi-nha-co-tre-nho-n20-2.html]
[maclift.com.vn/danh-muc-tin/delecweb.com]
[maclift.com.vn/danh-muc-tin/tin-moi-2.html]
[maclift.com.vn/danh-muc-tin/hhh]
[maclift.com.vn/danh-muc-tin/tin-moi.html]
[thangmaygiadinhhn.vn/viettuan/upload/images/su-dung-thang-may.jpg]
[maclift.com.vn/tin-moi/hhh.html]
[maclift.com.vn/cache/js/b4a8ad5424bd959d5bb6888190ab6ab8aa5b.js]
[maclift.com.vn/cache/js/8294b4a444708d7973b96b59c1b9b92e6473.js]
[maclift.com.vn/images/news/2020/03/09/original/su-dung-thang-may_1583730356.jpg]
[maclift.com.vn/tin-moi/kich-thuoc-cua-thang-may-bao-nhieu-thi-phu-hop-n19-2.html]
[thangmaytaiyo.vn/wp-content/uploads/2019/12/4-533x400.html]
[thangmaytaiyo.vn/wp-content/uploads/2019/12/7-667x400.html]
[thangmaytaiyo.vn/wp-content/uploads/2019/12/2-646x400.html]
[thangmaytaiyo.vn/wp-content/uploads/2020/02/13-651x400.html]
[thangmaytaiyo.vn/wp-content/uploads/2020/02/15-533x400.html]
[maclift.com.vn/cache/js/8294b4a444708d7973b96b59c1b9b92eaeb3.js]
[maclift.com.vn/cache/js/b4a8ad5424bd959d5bb6888190ab6ab8aeb3.js]
[connect.facebook.net/vi_VN/sdk.js]
[maclift.com.vn/images/news/2020/03/09/large/13_1583729701.jpg]
[maclift.com.vn/cache/js/d9eb4c399859acb8c9a1794def3c17435982.js]
[maclift.com.vn/tin-moi/tim-hieu-ve-thang-may-mitsubishi-450kg-n18.amp]
[maclift.com.vn/thang-may-maclift-pc21.amp]
[maclift.com.vn/thang-may-maclift-pc21/delecweb.com]
[maclift.com.vn/thang-may-maclift-pc21/loc-hang-san-xuat-milor,hang-san-xuat-navado.html]
[maclift.com.vn/thang-may-maclift-pc21/hhh]
[maclift.com.vn/thang-may-maclift-pc21/loc-hang-san-xuat-milor.html]
[maclift.com.vn/cache/js/97e6b6d6beb18e874cfb3eee80bba6d08cac.js]
[maclift.com.vn/thang-may-maclift-pc21/loc-hang-san-xuat-navado,hang-san-xuat-milor.html]
[maclift.com.vn/thang-may-maclift-pc21/loc-hang-san-xuat-navado.html]
[maclift.com.vn/cache/js/97e6b6d6beb18e874cfb3eee80bba6d0fb1f.js]
[maclift.com.vn/small/index.html]
[maclift.com.vn/large/index.html]
[maclift.com.vn/index4aea.html]
[maclift.com.vn/indexf8bd.html]
[maclift.com.vn/gia-dinh/delecweb.html]
[maclift.com.vn/modules/projects/assets/images/78.html]
[maclift.com.vn/gia-dinh/owl.video.play.html]
[maclift.com.vn/images/projects/2020/12/23/resized/8149bf3d-f5f9-4efc-bb89-44d51ec34daf_1608738132.jpeg/index.html]
[maclift.com.vn/images/projects/2020/10/03/resized/14d32450-e818-40d2-8399-bc7a2767458a_1601715985.jpeg/index.html]
[maclift.com.vn/images/projects/2020/10/03/resized/b33b13c7-ff6e-488c-b1c4-f26250d18297_1601696669.jpeg/index.html]
[maclift.com.vn/images/projects/2020/10/03/resized/d9ebb612-5a7b-4d99-b90e-02da76b49bf4_1601714778.jpeg/index.html]
[maclift.com.vn/gia-dinh/hhh.html]
[maclift.com.vn/cache/js/97e6b6d6beb18e874cfb3eee80bba6d06b13.js]
[maclift.com.vn/cache/js/eb8792b33ead881d3b041107bcd3982f7da8.js]
[maclift.com.vn/images/projects/2020/10/03/resized/84b4df47-a02a-4d2c-b780-998ba3467be3_1601715775.jpeg/index.html]
[maclift.com.vn/chung-cu/delecweb.html]
[maclift.com.vn/chung-cu/hhh.html]
[maclift.com.vn/cache/js/3ace65c48347605520ca1bb806ff635014ff.js]
[maclift.com.vn/cache/js/3ace65c48347605520ca1bb806ff6350c613.js]
[maclift.com.vn/cache/js/eb8792b33ead881d3b041107bcd3982f636b.js]
[maclift.com.vn/cache/js/3ace65c48347605520ca1bb806ff63506f54.js]
[maclift.com.vn/cache/js/eb8792b33ead881d3b041107bcd3982f6f54.js]
[maclift.com.vn/khach-san/delecweb.html]
[maclift.com.vn/khach-san/owl.video.play.html]
[maclift.com.vn/khach-san/hhh.html]
[maclift.com.vn/cache/js/eb8792b33ead881d3b041107bcd3982f8dfb.js]
[maclift.com.vn/cache/js/eb8792b33ead881d3b041107bcd3982feb93.js]
[maclift.com.vn/cache/js/f90ba8b72e1a0d90a48027526b338043eb93.js]
[maclift.com.vn/cache/js/f90ba8b72e1a0d90a48027526b338043f03e.js]
[maclift.com.vn/cache/js/f90ba8b72e1a0d90a48027526b338043b090.js]
[maclift.com.vn/images/products/2020/03/19/original/thang-cho-o-to_4_1584591283.jpg]
[maclift.com.vn/cache/js/d9eb4c399859acb8c9a1794def3c1743204d.js]
[maclift.com.vn/templates/maclift/images/icon_v1.html]
[maclift.com.vn/danh-muc-tin/delecweb.html]
[maclift.com.vn/danh-muc-tin/tin-moi-2.html]
[maclift.com.vn/danh-muc-tin/hhh.html]
[maclift.com.vn/cache/js/b4a8ad5424bd959d5bb6888190ab6ab8aa5b.js]
[maclift.com.vn/tin-moi/tim-hieu-ve-thang-may-mitsubishi-450kg-n18.amp]
[maclift.com.vn/thang-may-maclift-pc21.amp]
[maclift.com.vn/thang-may-maclift-pc21/delecweb.html]
[maclift.com.vn/thang-may-maclift-pc21/loc-hang-san-xuat-milor,hang-san-xuat-navado.html]
[maclift.com.vn/thang-may-maclift-pc21/hhh.html]
[maclift.com.vn/cache/js/97e6b6d6beb18e874cfb3eee80bba6d08cac.js]
[maclift.com.vn/thang-may-maclift-pc21/loc-hang-san-xuat-navado,hang-san-xuat-milor.html]
[maclift.com.vn/cache/js/97e6b6d6beb18e874cfb3eee80bba6d0f21a.js]
[maclift.com.vn/cache/js/97e6b6d6beb18e874cfb3eee80bba6d06b13.js]
[maclift.com.vn/cache/js/97e6b6d6beb18e874cfb3eee80bba6d0f21a.js]
[maclift.com.vn/cache/js/97e6b6d6beb18e874cfb3eee80bba6d0d02f.js]
[maclift.com.vn/cache/js/97e6b6d6beb18e874cfb3eee80bba6d0d02f.js]
